This is a test diagnostic report PDF file.
